[2026-03-26 19:34:08] ======= Starting LOB Reorganization for Schema: SH2 =======
[2026-03-26 19:34:08] Step 1: Generating LOB reorganization commands...
[2026-03-26 19:34:08] Successfully generated commands in _generated_lob_reorg_commands.sql.
[2026-03-26 19:34:08] Step 2: Executing the generated LOB reorganization and index rebuild commands...
[2026-03-26 19:34:08] LOB reorganization and index rebuilds completed successfully.
[2026-03-26 19:34:08] Step 3: Gathering statistics for tables with reorganized LOBs...
[2026-03-26 19:34:08]   -> Gathering stats for table: SP2-0268:
    BEGIN
*
ERROR at line 1:
ORA-20001: SP2-0268: is an invalid identifier
ORA-06512: at "SYS.DBMS_STATS", line 40799
ORA-06512: at "SYS.DBMS_STATS", line 56601
ORA-06512: at "SYS.DBMS_STATS_INTERNAL", line 21574
ORA-06512: at "SYS.DBMS_STATS_INTERNAL", line 21559
ORA-06512: at "SYS.DBMS_STATS", line 4224
ORA-06512: at "SYS.DBMS_STATS", line 56581
ORA-06512: at "SYS.DBMS_STATS", line 40700
ORA-06512: at line 2


[2026-03-26 19:34:08]   -> Gathering stats for table: pagesize
    BEGIN
*
ERROR at line 1:
ORA-20000: Unable to analyze TABLE "SH2"."PAGESIZE", insufficient privileges or
does not exist
ORA-06512: at "SYS.DBMS_STATS", line 40799
ORA-06512: at "SYS.DBMS_STATS", line 40072
ORA-06512: at "SYS.DBMS_STATS", line 40231
ORA-06512: at "SYS.DBMS_STATS", line 40780
ORA-06512: at line 2


[2026-03-26 19:34:08]   -> Gathering stats for table: option
    BEGIN
*
ERROR at line 1:
ORA-20000: Unable to analyze TABLE "SH2"."OPTION", insufficient privileges or
does not exist
ORA-06512: at "SYS.DBMS_STATS", line 40799
ORA-06512: at "SYS.DBMS_STATS", line 40072
ORA-06512: at "SYS.DBMS_STATS", line 40231
ORA-06512: at "SYS.DBMS_STATS", line 40780
ORA-06512: at line 2


[2026-03-26 19:34:08]   -> Gathering stats for table: not
    BEGIN
*
ERROR at line 1:
ORA-20000: Unable to analyze TABLE "SH2"."NOT", insufficient privileges or does
not exist
ORA-06512: at "SYS.DBMS_STATS", line 40799
ORA-06512: at "SYS.DBMS_STATS", line 40072
ORA-06512: at "SYS.DBMS_STATS", line 40231
ORA-06512: at "SYS.DBMS_STATS", line 40780
ORA-06512: at line 2


[2026-03-26 19:34:08]   -> Gathering stats for table: a
    BEGIN
*
ERROR at line 1:
ORA-20000: Unable to analyze TABLE "SH2"."A", insufficient privileges or does
not exist
ORA-06512: at "SYS.DBMS_STATS", line 40799
ORA-06512: at "SYS.DBMS_STATS", line 40072
ORA-06512: at "SYS.DBMS_STATS", line 40231
ORA-06512: at "SYS.DBMS_STATS", line 40780
ORA-06512: at line 2


[2026-03-26 19:34:08]   -> Gathering stats for table: valid
    BEGIN
*
ERROR at line 1:
ORA-20000: Unable to analyze TABLE "SH2"."VALID", insufficient privileges or
does not exist
ORA-06512: at "SYS.DBMS_STATS", line 40799
ORA-06512: at "SYS.DBMS_STATS", line 40072
ORA-06512: at "SYS.DBMS_STATS", line 40231
ORA-06512: at "SYS.DBMS_STATS", line 40780
ORA-06512: at line 2


[2026-03-26 19:34:08]   -> Gathering stats for table: number
    BEGIN
*
ERROR at line 1:
ORA-20000: Unable to analyze TABLE "SH2"."NUMBER", insufficient privileges or
does not exist
ORA-06512: at "SYS.DBMS_STATS", line 40799
ORA-06512: at "SYS.DBMS_STATS", line 40072
ORA-06512: at "SYS.DBMS_STATS", line 40231
ORA-06512: at "SYS.DBMS_STATS", line 40780
ORA-06512: at line 2


[2026-03-26 19:34:09] Table statistics gathering complete.
[2026-03-26 19:34:09] Step 4: Rebuilding all Domain (e.g., Oracle Text) indexes...
[2026-03-26 19:34:09]   -> Rebuilding Domain index: SP2-0268:
	ALTER INDEX SH2.SP2-0268: REBUILD
                           *
ERROR at line 1:
ORA-02243: invalid ALTER INDEX or ALTER MATERIALIZED VIEW option


[2026-03-26 19:34:09] ERROR: Failed to rebuild Domain index SP2-0268:. Check the log for details.
[2026-03-26 19:34:09]   -> Rebuilding Domain index: pagesize
	ALTER INDEX SH2.pagesize REBUILD
*
ERROR at line 1:
ORA-01418: specified index does not exist


[2026-03-26 19:34:09] ERROR: Failed to rebuild Domain index pagesize. Check the log for details.
[2026-03-26 19:34:09]   -> Rebuilding Domain index: option
	ALTER INDEX SH2.option REBUILD
                        *
ERROR at line 1:
ORA-00953: missing or invalid index name


[2026-03-26 19:34:09] ERROR: Failed to rebuild Domain index option. Check the log for details.
[2026-03-26 19:34:09]   -> Rebuilding Domain index: not
	ALTER INDEX SH2.not REBUILD
                        *
ERROR at line 1:
ORA-00953: missing or invalid index name


[2026-03-26 19:34:09] ERROR: Failed to rebuild Domain index not. Check the log for details.
[2026-03-26 19:34:09]   -> Rebuilding Domain index: a
	ALTER INDEX SH2.a REBUILD
*
ERROR at line 1:
ORA-01418: specified index does not exist


[2026-03-26 19:34:09] ERROR: Failed to rebuild Domain index a. Check the log for details.
[2026-03-26 19:34:09]   -> Rebuilding Domain index: valid
	ALTER INDEX SH2.valid REBUILD
*
ERROR at line 1:
ORA-01418: specified index does not exist


[2026-03-26 19:34:09] ERROR: Failed to rebuild Domain index valid. Check the log for details.
[2026-03-26 19:34:09]   -> Rebuilding Domain index: number
	ALTER INDEX SH2.number REBUILD
                        *
ERROR at line 1:
ORA-00953: missing or invalid index name


[2026-03-26 19:34:09] ERROR: Failed to rebuild Domain index number. Check the log for details.
[2026-03-26 19:34:09] Domain index rebuild process complete.
[2026-03-26 19:34:09] ======= LOB Reorganization Script Finished Successfully =======
[2026-03-26 19:34:09] Full log is available at: ./logs/reorg_lob_execute_20260326_193408.log
